---
source: tui/src/startup_draft_tests.rs
expression: "frames.join(\"\\n---\\n\").replace(crate::version::CODEX_CLI_VERSION, \"<VERSION>\")"
---
terminal_app_over_ssh=false, owned=true

  >_ ASM (v<VERSION>)
     loading










› Ask ASM to do anything

  ? for shortcuts
---
terminal_app_over_ssh=true, owned=false

  >_ ASM (v<VERSION>)
     loading


› Ask ASM to do anything

  ? for shortcuts
