---
source: tui/src/app/tests/realtime_requests.rs
expression: "normalize_voice_snapshot_directory(&format!(\"Other task:\\n{other_ui}\\nRestored owner:\\n{}\\n{rendered}\",\nrender_bottom_popup(&app.chat_widget, 80)), &app.config.cwd,)"
---
Other task:
› Ask ASM to do anything

  tes def·/tmp/project
Restored owner:
 voice ● listening                                      f9 mute     /voice stop
   mic ▁▁▁▁▁▁  ASM ▁▁▁▁▁▁

› Ask ASM to do anything

  tes def·/tmp/project

  >_ ASM (v0.163.1-alpha.1)
     /tmp/project

  To get started, describe a task or try one of these commands:

  /init - create an AGENTS.md file with instructions for ASM
  /status - show current session configuration
  /permissions - choose what ASM is allowed to do
  /model - choose what model and reasoning effort to use
  /review - review any changes and find issues

› spoken partial completed
