---
source: tui/src/chatwidget/tests/mcp_startup.rs
expression: normalized_backend_snapshot(terminal.backend())
---
"                                                                                "
"                                                                                "
"› Ask ASM to do anything                                                        "
"                                                                                "
"  sol56 def·/tmp/project                                                        "
