---
source: tui/src/chatwidget/tests/parallel_tests.rs
expression: popup
---
      Delete this session?
› As  Cannot be undone. Subagent threads will also be deleted.

  so
    › 1. No, keep this session           Return to the current session
      2. Yes, delete and return to main  Permanently delete this session now

      enter select · esc back
