---
source: tui/src/chatwidget/tests/status_and_layout.rs
expression: "format!(\"before completion:\\n{before_completion}\\nafter completion:\\n{}\",\nhook_status_frame(&chat, 80))"
---
before completion:
"                                                                                "
"• Working (0s • esc to interrupt) · Running hook                                "
"                                                                                "
"                                                                                "
"› Ask ASM to do anything                                                        "
"                                                                                "
"  sol56 def·/tmp/project                                                        "
after completion:
"                                                                                "
"                                                                                "
"› Ask ASM to do anything                                                        "
"                                                                                "
"  sol56 def·/tmp/project                                                        "
