---
source: tui/src/chatwidget/tests/side.rs
expression: terminal.backend()
---
"                                                                                "
"                                                                                "
"› Ask a follow-up question                                                      "
"                                                                                "
"  sol56             Side from main thread · ctrl+/ to switch · ctrl+c to close  "
