---
source: tui/src/chatwidget/tests/side.rs
expression: "format!(\"Side:\\n{side}\\n\\nChat:\\n{chat}\")"
---
Side:
"                                                                                "
"                                                                                "
"› Ask ASM to do anything                                                        "
"                                                                                "
"  sol56                                                        ctrl+/ for side  "


Chat:
"                                                                                "
"                                                                                "
"› Ask ASM to do anything                                                        "
"                                                                                "
"  sol56                                                        ctrl+/ for chat  "
