---
source: tui/src/chatwidget/tests/popups_and_settings.rs
expression: confirmation
---
                Plugins
› Ask ASM to d  Remove Repo Marketplace marketplace?
                This removes the configured marketplace from ASM.
  sol56 def·/t

              › 1. Remove marketplace  Remove this marketplace from the available
                                       plugin list
                2. Back to plugins     Keep this marketplace installed

                enter select · esc close
