---
source: tui/src/chatwidget/tests/status_and_layout.rs
expression: normalized_backend_snapshot(terminal.backend())
---
"                                                                                "
"                                                                                "
"› Ask ASM to do anything                                                        "
"                                                                                "
"  54 xhi fast·Ctx100%left·/tmp/project                                          "
