---
source: tui/src/chatwidget/tests/status_and_layout.rs
expression: normalized_backend_snapshot(terminal.backend())
---
"                                                                                "
"                                                                                "
"› Ask ASM to do anything                                                        "
"                                                                                "
"  sol56 def·5.2 credits·~$0.21                                                  "
