---
source: tui/src/chatwidget/tests/model_display_name_tests.rs
expression: normalized_backend_snapshot(terminal.backend())
---
"                                                                                "
"                                                                                "
"› Ask ASM to do anything                                                        "
"                                                                                "
"  luna56·luna56 hig                                                             "
